
> lr-place-furnace-landing@0.1.0 build
> set ASTRO_TELEMETRY_DISABLED=1&& astro build

[2m15:19:18[22m [34m[vite][39m Re-optimizing dependencies because vite config has changed
[2m15:19:18[22m [34m[types][39m Generated [2m116ms[22m
[2m15:19:18[22m [34m[build][39m output: [34m"static"[39m
[2m15:19:18[22m [34m[build][39m mode: [34m"static"[39m
[2m15:19:18[22m [34m[build][39m directory: [34mD:\works\projects\lr-place-furnace\dist\[39m
[2m15:19:18[22m [34m[build][39m Collecting build info...
[2m15:19:18[22m [34m[build][39m [32m✓ Completed in 132ms.[39m
[2m15:19:18[22m [34m[build][39m Building static entrypoints...
[2m15:19:18[22m [34m[vite][39m [32m✓ built in 141ms[39m
[2m15:19:18[22m [34m[vite][39m [32m✓ built in 57ms[39m
[2m15:19:18[22m [34m[build][39m Rearranging server assets...

[42m[30m generating static routes [39m[49m
[2m15:19:18[22m   [34m├─[39m [2m/ustanovka-metallicheskih-pechey/index.html[22m [2m(+18ms)[22m 
[2m15:19:18[22m   [34m├─[39m [2m/index.html[22m [2m(+4ms)[22m 
[2m15:19:18[22m [32m✓ Completed in 36ms.
[39m
[2m15:19:18[22m [34m[build][39m [32m✓ Completed in 270ms.[39m
[2m15:19:18[22m [34m[build][39m 2 page(s) built in [1m405ms[22m
[2m15:19:18[22m [34m[build][39m [1mComplete![22m
